Warning message:
package 'ggplot2' was built under R version 4.5.2 
  delta      p  lower  upper
1   0.5 0.7260 0.6671 0.7737
2   1.0 0.8041 0.7379 0.8519
3   2.0 0.8572 0.7717 0.9215
Probability of Outcome Superiority Curve
  Method:    bivariate normal
  Predictor: X    Outcome: Y
  r = 0.500, 95% CI [0.337, 0.634], n = 100

  P(higher Y | X higher by delta):
 delta     p lower upper
 0.500 0.581 0.550 0.614
 1.000 0.658 0.600 0.719
 2.000 0.793 0.693 0.877
  delta      p  lower  upper
1   0.5 0.5809 0.5503 0.6141
2   1.0 0.6585 0.5998 0.7190
3   2.0 0.7929 0.6934 0.8769
  delta      p  lower  upper
1 0.000 0.5000 0.5000 0.5000
2 0.015 0.5024 0.5015 0.5035
3 0.030 0.5049 0.5030 0.5069
  delta      p  lower upper
1    12 0.6973 0.6285 0.766
  delta      p  lower  upper
1     5 0.5852 0.5543 0.6188
2    10 0.6666 0.6076 0.7274
3    12 0.6973 0.6285 0.7660
4    20 0.8054 0.7076 0.8868
5    30 0.9017 0.7938 0.9652
<table>
 <thead>
  <tr>
   <th style="text-align:center;"> Difference in prognostic score </th>
   <th style="text-align:center;"> Probability </th>
   <th style="text-align:center;"> 95% CI </th>
  </tr>
 </thead>
<tbody>
  <tr>
   <td style="text-align:center;"> 5 </td>
   <td style="text-align:center;"> 0.585 </td>
   <td style="text-align:center;"> [0.554, 0.619] </td>
  </tr>
  <tr>
   <td style="text-align:center;"> 10 </td>
   <td style="text-align:center;"> 0.667 </td>
   <td style="text-align:center;"> [0.608, 0.727] </td>
  </tr>
  <tr>
   <td style="text-align:center;"> 12 </td>
   <td style="text-align:center;"> 0.697 </td>
   <td style="text-align:center;"> [0.628, 0.766] </td>
  </tr>
  <tr>
   <td style="text-align:center;"> 20 </td>
   <td style="text-align:center;"> 0.805 </td>
   <td style="text-align:center;"> [0.708, 0.887] </td>
  </tr>
  <tr>
   <td style="text-align:center;"> 30 </td>
   <td style="text-align:center;"> 0.902 </td>
   <td style="text-align:center;"> [0.794, 0.965] </td>
  </tr>
</tbody>
</table>
Comparison of 2 probability of outcome superiority curves

 curve  method r     n  
 POSC 1 normal 0.510 100
 POSC 2 normal 0.380 120

Test of equal correlations (independent samples):
  z = 1.18, p = 0.236
Probability of Outcome Superiority Curve
  Method:    bivariate normal, optimally weighted composite
  Predictor: predictor    Outcome: recovery
  r = 0.629, 95% CI [0.572, 0.679], n = 500
  (r adjusted for the number of predictors; unadjusted r = 0.632)

  P(higher recovery | predictor higher by delta):
 delta     p lower upper
 0.500 0.612 0.597 0.628
 1.000 0.716 0.689 0.743
 2.000 0.874 0.838 0.905
  delta      p  lower  upper
1   0.5 0.6443 0.6207 0.6700
2   1.0 0.7704 0.7307 0.8106
3   2.0 0.9306 0.8906 0.9608
Probability of Outcome Superiority Curve
  Method:    empirical (spline logistic, bootstrap CI)
  Predictor: Karnofsky score    Outcome: survival time
  r = 0.409 (Pearson), n = 128
  Spline df = 3, pairs used = 7051, bootstrap resamples = 1000

  P(higher survival time | Karnofsky score higher by delta):
  delta     p lower upper
  9.950 0.593 0.551 0.641
 19.900 0.692 0.638 0.751
 39.801 0.869 0.797 0.933
  delta_low delta_high  delta n_pairs      p  lower  upper
1         0         10  9.729    2104 0.5917 0.5252 0.6549
2        10         20 19.757    1747 0.6940 0.5984 0.7753
3        20         30 29.797    1279 0.7776 0.6523 0.8666
4        30         40 39.771     940 0.8830 0.7409 0.9518
5        40         55 49.883     642 0.9120 0.7055 0.9778
[1] "59"
[1] "1.65"
[1] "76"
[1] "0.67"
[1] "0.76"
[1] "0.628"
[1] "0.766"
[1] "0.90"
[1] "15.7"
[1] "66"
[1] "61"
[1] "0.632"
[1] "0.41"
[1] "0.60"
[1] "0.69"
[1] "0.64"
[1] "0.75"
[1] "0.62"
[1] "4.5.1"
[1] "0.2.0"
[1] "4.0.3"
[1] "1.3.2"
[1] "0.2.0"
[1] "7.3.65"
